python.exe : Warning: You are sending unauthenticated requests to the HF Hub. Please set a HF_TOKEN to enable 
higher rate limits and faster downloads.
At line:1 char:67
+ ... a\backend"; & "C:/Users/Pranshul Soni/Documents/Projects/pet-pooja/.v ...
+                 ~~~~~~~~~~~~~~~~~~~~~~~~~~~~~~~~~~~~~~~~~~~~~~~~~~~~~~~~~
    + CategoryInfo          : NotSpecified: (Warning: You ar...ster downloads.:String) [], RemoteException
    + FullyQualifiedErrorId : NativeCommandError
 

Loading weights:   0%|          | 0/199 [00:00<?, ?it/s]
Loading weights:   1%|          | 1/199 [00:00<00:00, 21290.88it/s, Materializing 
param=embeddings.LayerNorm.bias]
Loading weights:   1%|          | 1/199 [00:00<00:00, 9754.20it/s, Materializing 
param=embeddings.LayerNorm.bias] 
Loading weights:   1%|1         | 2/199 [00:00<00:00, 7745.71it/s, Materializing 
param=embeddings.LayerNorm.weight]
Loading weights:   1%|1         | 2/199 [00:00<00:00, 1446.06it/s, Materializing 
param=embeddings.LayerNorm.weight]
Loading weights:   2%|1         | 3/199 [00:00<00:00, 1932.86it/s, Materializing 
param=embeddings.position_embeddings.weight]
Loading weights:   2%|1         | 3/199 [00:00<00:00, 1860.28it/s, Materializing 
param=embeddings.position_embeddings.weight]
Loading weights:   2%|2         | 4/199 [00:00<00:00, 2357.34it/s, Materializing 
param=embeddings.token_type_embeddings.weight]
Loading weights:   2%|2         | 4/199 [00:00<00:00, 2315.70it/s, Materializing 
param=embeddings.token_type_embeddings.weight]
Loading weights:   3%|2         | 5/199 [00:00<00:00, 2460.58it/s, Materializing 
param=embeddings.word_embeddings.weight]      
Loading weights:   3%|2         | 5/199 [00:00<00:00, 2000.14it/s, Materializing 
param=embeddings.word_embeddings.weight]
Loading weights:   3%|3         | 6/199 [00:00<00:00, 2253.79it/s, Materializing 
param=encoder.layer.0.attention.output.LayerNorm.bias]
Loading weights:   3%|3         | 6/199 [00:00<00:00, 2215.50it/s, Materializing 
param=encoder.layer.0.attention.output.LayerNorm.bias]
Loading weights:   4%|3         | 7/199 [00:00<00:00, 2505.77it/s, Materializing 
param=encoder.layer.0.attention.output.LayerNorm.weight]
Loading weights:   4%|3         | 7/199 [00:00<00:00, 2475.77it/s, Materializing 
param=encoder.layer.0.attention.output.LayerNorm.weight]
Loading weights:   4%|4         | 8/199 [00:00<00:00, 2384.14it/s, Materializing 
param=encoder.layer.0.attention.output.dense.bias]      
Loading weights:   4%|4         | 8/199 [00:00<00:00, 2345.32it/s, Materializing 
param=encoder.layer.0.attention.output.dense.bias]
Loading weights:   5%|4         | 9/199 [00:00<00:00, 2569.51it/s, Materializing 
param=encoder.layer.0.attention.output.dense.weight]
Loading weights:   5%|4         | 9/199 [00:00<00:00, 2543.37it/s, Materializing 
param=encoder.layer.0.attention.output.dense.weight]
Loading weights:   5%|5         | 10/199 [00:00<00:00, 2770.71it/s, Materializing 
param=encoder.layer.0.attention.self.key.bias]     
Loading weights:   5%|5         | 10/199 [00:00<00:00, 2729.25it/s, Materializing 
param=encoder.layer.0.attention.self.key.bias]
Loading weights:   6%|5         | 11/199 [00:00<00:00, 2678.98it/s, Materializing 
param=encoder.layer.0.attention.self.key.weight]
Loading weights:   6%|5         | 11/199 [00:00<00:00, 2445.14it/s, Materializing 
param=encoder.layer.0.attention.self.key.weight]
Loading weights:   6%|6         | 12/199 [00:00<00:00, 2337.09it/s, Materializing 
param=encoder.layer.0.attention.self.query.bias]
Loading weights:   6%|6         | 12/199 [00:00<00:00, 2313.57it/s, Materializing 
param=encoder.layer.0.attention.self.query.bias]
Loading weights:   7%|6         | 13/199 [00:00<00:00, 2468.02it/s, Materializing 
param=encoder.layer.0.attention.self.query.weight]
Loading weights:   7%|6         | 13/199 [00:00<00:00, 2452.70it/s, Materializing 
param=encoder.layer.0.attention.self.query.weight]
Loading weights:   7%|7         | 14/199 [00:00<00:00, 2474.10it/s, Materializing 
param=encoder.layer.0.attention.self.value.bias]  
Loading weights:   7%|7         | 14/199 [00:00<00:00, 2455.78it/s, Materializing 
param=encoder.layer.0.attention.self.value.bias]
Loading weights:   8%|7         | 15/199 [00:00<00:00, 2438.17it/s, Materializing 
param=encoder.layer.0.attention.self.value.weight]
Loading weights:   8%|7         | 15/199 [00:00<00:00, 2357.41it/s, Materializing 
param=encoder.layer.0.attention.self.value.weight]
Loading weights:   8%|8         | 16/199 [00:00<00:00, 2002.17it/s, Materializing 
param=encoder.layer.0.intermediate.dense.bias]    
Loading weights:   8%|8         | 16/199 [00:00<00:00, 1987.00it/s, Materializing 
param=encoder.layer.0.intermediate.dense.bias]
Loading weights:   9%|8         | 17/199 [00:00<00:00, 2090.88it/s, Materializing 
param=encoder.layer.0.intermediate.dense.weight]
Loading weights:   9%|8         | 17/199 [00:00<00:00, 2082.76it/s, Materializing 
param=encoder.layer.0.intermediate.dense.weight]
Loading weights:   9%|9         | 18/199 [00:00<00:00, 2189.60it/s, Materializing 
param=encoder.layer.0.output.LayerNorm.bias]    
Loading weights:   9%|9         | 18/199 [00:00<00:00, 2182.07it/s, Materializing 
param=encoder.layer.0.output.LayerNorm.bias]
Loading weights:  10%|9         | 19/199 [00:00<00:00, 2287.30it/s, Materializing 
param=encoder.layer.0.output.LayerNorm.weight]
Loading weights:  10%|9         | 19/199 [00:00<00:00, 2278.67it/s, Materializing 
param=encoder.layer.0.output.LayerNorm.weight]
Loading weights:  10%|#         | 20/199 [00:00<00:00, 2256.09it/s, Materializing 
param=encoder.layer.0.output.dense.bias]      
Loading weights:  10%|#         | 20/199 [00:00<00:00, 1823.65it/s, Materializing 
param=encoder.layer.0.output.dense.bias]
Loading weights:  11%|#         | 21/199 [00:00<00:00, 1648.74it/s, Materializing 
param=encoder.layer.0.output.dense.weight]
Loading weights:  11%|#         | 21/199 [00:00<00:00, 1640.51it/s, Materializing 
param=encoder.layer.0.output.dense.weight]
Loading weights:  11%|#1        | 22/199 [00:00<00:00, 1525.18it/s, Materializing 
param=encoder.layer.1.attention.output.LayerNorm.bias]
Loading weights:  11%|#1        | 22/199 [00:00<00:00, 1474.74it/s, Materializing 
param=encoder.layer.1.attention.output.LayerNorm.bias]
Loading weights:  12%|#1        | 23/199 [00:00<00:00, 1492.36it/s, Materializing 
param=encoder.layer.1.attention.output.LayerNorm.weight]
Loading weights:  12%|#1        | 23/199 [00:00<00:00, 1485.90it/s, Materializing 
param=encoder.layer.1.attention.output.LayerNorm.weight]
Loading weights:  12%|#2        | 24/199 [00:00<00:00, 1535.34it/s, Materializing 
param=encoder.layer.1.attention.output.dense.bias]      
Loading weights:  12%|#2        | 24/199 [00:00<00:00, 1531.79it/s, Materializing 
param=encoder.layer.1.attention.output.dense.bias]
Loading weights:  13%|#2        | 25/199 [00:00<00:00, 1588.13it/s, Materializing 
param=encoder.layer.1.attention.output.dense.weight]
Loading weights:  13%|#2        | 25/199 [00:00<00:00, 1584.86it/s, Materializing 
param=encoder.layer.1.attention.output.dense.weight]
Loading weights:  13%|#3        | 26/199 [00:00<00:00, 1634.13it/s, Materializing 
param=encoder.layer.1.attention.self.key.bias]      
Loading weights:  13%|#3        | 26/199 [00:00<00:00, 1630.12it/s, Materializing 
param=encoder.layer.1.attention.self.key.bias]
Loading weights:  14%|#3        | 27/199 [00:00<00:00, 1669.71it/s, Materializing 
param=encoder.layer.1.attention.self.key.weight]
Loading weights:  14%|#3        | 27/199 [00:00<00:00, 1663.43it/s, Materializing 
param=encoder.layer.1.attention.self.key.weight]
Loading weights:  14%|#4        | 28/199 [00:00<00:00, 1683.59it/s, Materializing 
param=encoder.layer.1.attention.self.query.bias]
Loading weights:  14%|#4        | 28/199 [00:00<00:00, 1675.59it/s, Materializing 
param=encoder.layer.1.attention.self.query.bias]
Loading weights:  15%|#4        | 29/199 [00:00<00:00, 1683.22it/s, Materializing 
param=encoder.layer.1.attention.self.query.weight]
Loading weights:  15%|#4        | 29/199 [00:00<00:00, 1654.45it/s, Materializing 
param=encoder.layer.1.attention.self.query.weight]
Loading weights:  15%|#5        | 30/199 [00:00<00:00, 1701.43it/s, Materializing 
param=encoder.layer.1.attention.self.value.bias]  
Loading weights:  15%|#5        | 30/199 [00:00<00:00, 1698.17it/s, Materializing 
param=encoder.layer.1.attention.self.value.bias]
Loading weights:  16%|#5        | 31/199 [00:00<00:00, 1658.82it/s, Materializing 
param=encoder.layer.1.attention.self.value.weight]
Loading weights:  16%|#5        | 31/199 [00:00<00:00, 1654.03it/s, Materializing 
param=encoder.layer.1.attention.self.value.weight]
Loading weights:  16%|#6        | 32/199 [00:00<00:00, 1614.67it/s, Materializing 
param=encoder.layer.1.intermediate.dense.bias]    
Loading weights:  16%|#6        | 32/199 [00:00<00:00, 1609.21it/s, Materializing 
param=encoder.layer.1.intermediate.dense.bias]
Loading weights:  17%|#6        | 33/199 [00:00<00:00, 1651.20it/s, Materializing 
param=encoder.layer.1.intermediate.dense.weight]
Loading weights:  17%|#6        | 33/199 [00:00<00:00, 1648.33it/s, Materializing 
param=encoder.layer.1.intermediate.dense.weight]
Loading weights:  17%|#7        | 34/199 [00:00<00:00, 1548.45it/s, Materializing 
param=encoder.layer.1.output.LayerNorm.bias]    
Loading weights:  17%|#7        | 34/199 [00:00<00:00, 1544.16it/s, Materializing 
param=encoder.layer.1.output.LayerNorm.bias]
Loading weights:  18%|#7        | 35/199 [00:00<00:00, 1583.73it/s, Materializing 
param=encoder.layer.1.output.LayerNorm.weight]
Loading weights:  18%|#7        | 35/199 [00:00<00:00, 1581.32it/s, Materializing 
param=encoder.layer.1.output.LayerNorm.weight]
Loading weights:  18%|#8        | 36/199 [00:00<00:00, 1621.67it/s, Materializing 
param=encoder.layer.1.output.dense.bias]      
Loading weights:  18%|#8        | 36/199 [00:00<00:00, 1619.37it/s, Materializing 
param=encoder.layer.1.output.dense.bias]
Loading weights:  19%|#8        | 37/199 [00:00<00:00, 1659.58it/s, Materializing 
param=encoder.layer.1.output.dense.weight]
Loading weights:  19%|#8        | 37/199 [00:00<00:00, 1657.21it/s, Materializing 
param=encoder.layer.1.output.dense.weight]
Loading weights:  19%|#9        | 38/199 [00:00<00:00, 1697.07it/s, Materializing 
param=encoder.layer.2.attention.output.LayerNorm.bias]
Loading weights:  19%|#9        | 38/199 [00:00<00:00, 1694.54it/s, Materializing 
param=encoder.layer.2.attention.output.LayerNorm.bias]
Loading weights:  20%|#9        | 39/199 [00:00<00:00, 1674.77it/s, Materializing 
param=encoder.layer.2.attention.output.LayerNorm.weight]
Loading weights:  20%|#9        | 39/199 [00:00<00:00, 1628.97it/s, Materializing 
param=encoder.layer.2.attention.output.LayerNorm.weight]
Loading weights:  20%|##        | 40/199 [00:00<00:00, 1662.08it/s, Materializing 
param=encoder.layer.2.attention.output.dense.bias]      
Loading weights:  20%|##        | 40/199 [00:00<00:00, 1659.12it/s, Materializing 
param=encoder.layer.2.attention.output.dense.bias]
Loading weights:  21%|##        | 41/199 [00:00<00:00, 1695.32it/s, Materializing 
param=encoder.layer.2.attention.output.dense.weight]
Loading weights:  21%|##        | 41/199 [00:00<00:00, 1692.98it/s, Materializing 
param=encoder.layer.2.attention.output.dense.weight]
Loading weights:  21%|##1       | 42/199 [00:00<00:00, 1650.20it/s, Materializing 
param=encoder.layer.2.attention.self.key.bias]      
Loading weights:  21%|##1       | 42/199 [00:00<00:00, 1561.57it/s, Materializing 
param=encoder.layer.2.attention.self.key.bias]
Loading weights:  22%|##1       | 43/199 [00:00<00:00, 1589.90it/s, Materializing 
param=encoder.layer.2.attention.self.key.weight]
Loading weights:  22%|##1       | 43/199 [00:00<00:00, 1583.35it/s, Materializing 
param=encoder.layer.2.attention.self.key.weight]
Loading weights:  22%|##2       | 44/199 [00:00<00:00, 1581.12it/s, Materializing 
param=encoder.layer.2.attention.self.query.bias]
Loading weights:  22%|##2       | 44/199 [00:00<00:00, 1577.75it/s, Materializing 
param=encoder.layer.2.attention.self.query.bias]
Loading weights:  23%|##2       | 45/199 [00:00<00:00, 1587.27it/s, Materializing 
param=encoder.layer.2.attention.self.query.weight]
Loading weights:  23%|##2       | 45/199 [00:00<00:00, 1584.26it/s, Materializing 
param=encoder.layer.2.attention.self.query.weight]
Loading weights:  23%|##3       | 46/199 [00:00<00:00, 1614.57it/s, Materializing 
param=encoder.layer.2.attention.self.value.bias]  
Loading weights:  23%|##3       | 46/199 [00:00<00:00, 1612.59it/s, Materializing 
param=encoder.layer.2.attention.self.value.bias]
Loading weights:  24%|##3       | 47/199 [00:00<00:00, 1643.41it/s, Materializing 
param=encoder.layer.2.attention.self.value.weight]
Loading weights:  24%|##3       | 47/199 [00:00<00:00, 1641.57it/s, Materializing 
param=encoder.layer.2.attention.self.value.weight]
Loading weights:  24%|##4       | 48/199 [00:00<00:00, 1672.65it/s, Materializing 
param=encoder.layer.2.intermediate.dense.bias]    
Loading weights:  24%|##4       | 48/199 [00:00<00:00, 1670.80it/s, Materializing 
param=encoder.layer.2.intermediate.dense.bias]
Loading weights:  25%|##4       | 49/199 [00:00<00:00, 1699.18it/s, Materializing 
param=encoder.layer.2.intermediate.dense.weight]
Loading weights:  25%|##4       | 49/199 [00:00<00:00, 1697.08it/s, Materializing 
param=encoder.layer.2.intermediate.dense.weight]
Loading weights:  25%|##5       | 50/199 [00:00<00:00, 1662.27it/s, Materializing 
param=encoder.layer.2.output.LayerNorm.bias]    
Loading weights:  25%|##5       | 50/199 [00:00<00:00, 1626.66it/s, Materializing 
param=encoder.layer.2.output.LayerNorm.bias]
Loading weights:  26%|##5       | 51/199 [00:00<00:00, 1652.04it/s, Materializing 
param=encoder.layer.2.output.LayerNorm.weight]
Loading weights:  26%|##5       | 51/199 [00:00<00:00, 1649.19it/s, Materializing 
param=encoder.layer.2.output.LayerNorm.weight]
Loading weights:  26%|##6       | 52/199 [00:00<00:00, 1677.32it/s, Materializing 
param=encoder.layer.2.output.dense.bias]      
Loading weights:  26%|##6       | 52/199 [00:00<00:00, 1674.54it/s, Materializing 
param=encoder.layer.2.output.dense.bias]
Loading weights:  27%|##6       | 53/199 [00:00<00:00, 1702.91it/s, Materializing 
param=encoder.layer.2.output.dense.weight]
Loading weights:  27%|##6       | 53/199 [00:00<00:00, 1701.14it/s, Materializing 
param=encoder.layer.2.output.dense.weight]
Loading weights:  27%|##7       | 54/199 [00:00<00:00, 1721.21it/s, Materializing 
param=encoder.layer.3.attention.output.LayerNorm.bias]
Loading weights:  27%|##7       | 54/199 [00:00<00:00, 1710.76it/s, Materializing 
param=encoder.layer.3.attention.output.LayerNorm.bias]
Loading weights:  28%|##7       | 55/199 [00:00<00:00, 1733.87it/s, Materializing 
param=encoder.layer.3.attention.output.LayerNorm.weight]
Loading weights:  28%|##7       | 55/199 [00:00<00:00, 1729.31it/s, Materializing 
param=encoder.layer.3.attention.output.LayerNorm.weight]
Loading weights:  28%|##8       | 56/199 [00:00<00:00, 1754.68it/s, Materializing 
param=encoder.layer.3.attention.output.dense.bias]      
Loading weights:  28%|##8       | 56/199 [00:00<00:00, 1751.34it/s, Materializing 
param=encoder.layer.3.attention.output.dense.bias]
Loading weights:  29%|##8       | 57/199 [00:00<00:00, 1777.78it/s, Materializing 
param=encoder.layer.3.attention.output.dense.weight]
Loading weights:  29%|##8       | 57/199 [00:00<00:00, 1775.80it/s, Materializing 
param=encoder.layer.3.attention.output.dense.weight]
Loading weights:  29%|##9       | 58/199 [00:00<00:00, 1803.16it/s, Materializing 
param=encoder.layer.3.attention.self.key.bias]      
Loading weights:  29%|##9       | 58/199 [00:00<00:00, 1801.30it/s, Materializing 
param=encoder.layer.3.attention.self.key.bias]
Loading weights:  30%|##9       | 59/199 [00:00<00:00, 1828.61it/s, Materializing 
param=encoder.layer.3.attention.self.key.weight]
Loading weights:  30%|##9       | 59/199 [00:00<00:00, 1826.81it/s, Materializing 
param=encoder.layer.3.attention.self.key.weight]
Loading weights:  30%|###       | 60/199 [00:00<00:00, 1854.44it/s, Materializing 
param=encoder.layer.3.attention.self.query.bias]
Loading weights:  30%|###       | 60/199 [00:00<00:00, 1852.66it/s, Materializing 
param=encoder.layer.3.attention.self.query.bias]
Loading weights:  31%|###       | 61/199 [00:00<00:00, 1879.94it/s, Materializing 
param=encoder.layer.3.attention.self.query.weight]
Loading weights:  31%|###       | 61/199 [00:00<00:00, 1878.12it/s, Materializing 
param=encoder.layer.3.attention.self.query.weight]
Loading weights:  31%|###1      | 62/199 [00:00<00:00, 1904.87it/s, Materializing 
param=encoder.layer.3.attention.self.value.bias]  
Loading weights:  31%|###1      | 62/199 [00:00<00:00, 1903.06it/s, Materializing 
param=encoder.layer.3.attention.self.value.bias]
Loading weights:  32%|###1      | 63/199 [00:00<00:00, 1930.43it/s, Materializing 
param=encoder.layer.3.attention.self.value.weight]
Loading weights:  32%|###1      | 63/199 [00:00<00:00, 1928.65it/s, Materializing 
param=encoder.layer.3.attention.self.value.weight]
Loading weights:  32%|###2      | 64/199 [00:00<00:00, 1955.86it/s, Materializing 
param=encoder.layer.3.intermediate.dense.bias]    
Loading weights:  32%|###2      | 64/199 [00:00<00:00, 1954.20it/s, Materializing 
param=encoder.layer.3.intermediate.dense.bias]
Loading weights:  33%|###2      | 65/199 [00:00<00:00, 1980.69it/s, Materializing 
param=encoder.layer.3.intermediate.dense.weight]
Loading weights:  33%|###2      | 65/199 [00:00<00:00, 1979.01it/s, Materializing 
param=encoder.layer.3.intermediate.dense.weight]
Loading weights:  33%|###3      | 66/199 [00:00<00:00, 2006.33it/s, Materializing 
param=encoder.layer.3.output.LayerNorm.bias]    
Loading weights:  33%|###3      | 66/199 [00:00<00:00, 2004.56it/s, Materializing 
param=encoder.layer.3.output.LayerNorm.bias]
Loading weights:  34%|###3      | 67/199 [00:00<00:00, 2031.55it/s, Materializing 
param=encoder.layer.3.output.LayerNorm.weight]
Loading weights:  34%|###3      | 67/199 [00:00<00:00, 2029.83it/s, Materializing 
param=encoder.layer.3.output.LayerNorm.weight]
Loading weights:  34%|###4      | 68/199 [00:00<00:00, 2057.00it/s, Materializing 
param=encoder.layer.3.output.dense.bias]      
Loading weights:  34%|###4      | 68/199 [00:00<00:00, 2055.44it/s, Materializing 
param=encoder.layer.3.output.dense.bias]
Loading weights:  35%|###4      | 69/199 [00:00<00:00, 2082.78it/s, Materializing 
param=encoder.layer.3.output.dense.weight]
Loading weights:  35%|###4      | 69/199 [00:00<00:00, 2081.05it/s, Materializing 
param=encoder.layer.3.output.dense.weight]
Loading weights:  35%|###5      | 70/199 [00:00<00:00, 2108.17it/s, Materializing 
param=encoder.layer.4.attention.output.LayerNorm.bias]
Loading weights:  35%|###5      | 70/199 [00:00<00:00, 2106.44it/s, Materializing 
param=encoder.layer.4.attention.output.LayerNorm.bias]
Loading weights:  36%|###5      | 71/199 [00:00<00:00, 2132.96it/s, Materializing 
param=encoder.layer.4.attention.output.LayerNorm.weight]
Loading weights:  36%|###5      | 71/199 [00:00<00:00, 2131.19it/s, Materializing 
param=encoder.layer.4.attention.output.LayerNorm.weight]
Loading weights:  36%|###6      | 72/199 [00:00<00:00, 2157.75it/s, Materializing 
param=encoder.layer.4.attention.output.dense.bias]      
Loading weights:  36%|###6      | 72/199 [00:00<00:00, 2155.84it/s, Materializing 
param=encoder.layer.4.attention.output.dense.bias]
Loading weights:  37%|###6      | 73/199 [00:00<00:00, 2182.28it/s, Materializing 
param=encoder.layer.4.attention.output.dense.weight]
Loading weights:  37%|###6      | 73/199 [00:00<00:00, 2171.60it/s, Materializing 
param=encoder.layer.4.attention.output.dense.weight]
Loading weights:  37%|###7      | 74/199 [00:00<00:00, 2193.53it/s, Materializing 
param=encoder.layer.4.attention.self.key.bias]      
Loading weights:  37%|###7      | 74/199 [00:00<00:00, 2190.87it/s, Materializing 
param=encoder.layer.4.attention.self.key.bias]
Loading weights:  38%|###7      | 75/199 [00:00<00:00, 2215.80it/s, Materializing 
param=encoder.layer.4.attention.self.key.weight]
Loading weights:  38%|###7      | 75/199 [00:00<00:00, 2213.63it/s, Materializing 
param=encoder.layer.4.attention.self.key.weight]
Loading weights:  38%|###8      | 76/199 [00:00<00:00, 2239.02it/s, Materializing 
param=encoder.layer.4.attention.self.query.bias]
Loading weights:  38%|###8      | 76/199 [00:00<00:00, 2236.87it/s, Materializing 
param=encoder.layer.4.attention.self.query.bias]
Loading weights:  39%|###8      | 77/199 [00:00<00:00, 2262.08it/s, Materializing 
param=encoder.layer.4.attention.self.query.weight]
Loading weights:  39%|###8      | 77/199 [00:00<00:00, 2260.15it/s, Materializing 
param=encoder.layer.4.attention.self.query.weight]
Loading weights:  39%|###9      | 78/199 [00:00<00:00, 2285.77it/s, Materializing 
param=encoder.layer.4.attention.self.value.bias]  
Loading weights:  39%|###9      | 78/199 [00:00<00:00, 2283.81it/s, Materializing 
param=encoder.layer.4.attention.self.value.bias]
Loading weights:  40%|###9      | 79/199 [00:00<00:00, 2309.33it/s, Materializing 
param=encoder.layer.4.attention.self.value.weight]
Loading weights:  40%|###9      | 79/199 [00:00<00:00, 2307.24it/s, Materializing 
param=encoder.layer.4.attention.self.value.weight]
Loading weights:  40%|####      | 80/199 [00:00<00:00, 2332.70it/s, Materializing 
param=encoder.layer.4.intermediate.dense.bias]    
Loading weights:  40%|####      | 80/199 [00:00<00:00, 2330.67it/s, Materializing 
param=encoder.layer.4.intermediate.dense.bias]
Loading weights:  41%|####      | 81/199 [00:00<00:00, 2355.97it/s, Materializing 
param=encoder.layer.4.intermediate.dense.weight]
Loading weights:  41%|####      | 81/199 [00:00<00:00, 2354.00it/s, Materializing 
param=encoder.layer.4.intermediate.dense.weight]
Loading weights:  41%|####1     | 82/199 [00:00<00:00, 2378.51it/s, Materializing 
param=encoder.layer.4.output.LayerNorm.bias]    
Loading weights:  41%|####1     | 82/199 [00:00<00:00, 2376.46it/s, Materializing 
param=encoder.layer.4.output.LayerNorm.bias]
Loading weights:  42%|####1     | 83/199 [00:00<00:00, 2401.52it/s, Materializing 
param=encoder.layer.4.output.LayerNorm.weight]
Loading weights:  42%|####1     | 83/199 [00:00<00:00, 2399.50it/s, Materializing 
param=encoder.layer.4.output.LayerNorm.weight]
Loading weights:  42%|####2     | 84/199 [00:00<00:00, 2424.57it/s, Materializing 
param=encoder.layer.4.output.dense.bias]      
Loading weights:  42%|####2     | 84/199 [00:00<00:00, 2422.55it/s, Materializing 
param=encoder.layer.4.output.dense.bias]
Loading weights:  43%|####2     | 85/199 [00:00<00:00, 2447.52it/s, Materializing 
param=encoder.layer.4.output.dense.weight]
Loading weights:  43%|####2     | 85/199 [00:00<00:00, 2445.54it/s, Materializing 
param=encoder.layer.4.output.dense.weight]
Loading weights:  43%|####3     | 86/199 [00:00<00:00, 2470.35it/s, Materializing 
param=encoder.layer.5.attention.output.LayerNorm.bias]
Loading weights:  43%|####3     | 86/199 [00:00<00:00, 2468.25it/s, Materializing 
param=encoder.layer.5.attention.output.LayerNorm.bias]
Loading weights:  44%|####3     | 87/199 [00:00<00:00, 2492.93it/s, Materializing 
param=encoder.layer.5.attention.output.LayerNorm.weight]
Loading weights:  44%|####3     | 87/199 [00:00<00:00, 2490.83it/s, Materializing 
param=encoder.layer.5.attention.output.LayerNorm.weight]
Loading weights:  44%|####4     | 88/199 [00:00<00:00, 2515.56it/s, Materializing 
param=encoder.layer.5.attention.output.dense.bias]      
Loading weights:  44%|####4     | 88/199 [00:00<00:00, 2513.54it/s, Materializing 
param=encoder.layer.5.attention.output.dense.bias]
Loading weights:  45%|####4     | 89/199 [00:00<00:00, 2538.30it/s, Materializing 
param=encoder.layer.5.attention.output.dense.weight]
Loading weights:  45%|####4     | 89/199 [00:00<00:00, 2536.30it/s, Materializing 
param=encoder.layer.5.attention.output.dense.weight]
Loading weights:  45%|####5     | 90/199 [00:00<00:00, 2560.96it/s, Materializing 
param=encoder.layer.5.attention.self.key.bias]      
Loading weights:  45%|####5     | 90/199 [00:00<00:00, 2558.98it/s, Materializing 
param=encoder.layer.5.attention.self.key.bias]
Loading weights:  46%|####5     | 91/199 [00:00<00:00, 2583.47it/s, Materializing 
param=encoder.layer.5.attention.self.key.weight]
Loading weights:  46%|####5     | 91/199 [00:00<00:00, 2580.80it/s, Materializing 
param=encoder.layer.5.attention.self.key.weight]
Loading weights:  46%|####6     | 92/199 [00:00<00:00, 2605.03it/s, Materializing 
param=encoder.layer.5.attention.self.query.bias]
Loading weights:  46%|####6     | 92/199 [00:00<00:00, 2602.94it/s, Materializing 
param=encoder.layer.5.attention.self.query.bias]
Loading weights:  47%|####6     | 93/199 [00:00<00:00, 2627.13it/s, Materializing 
param=encoder.layer.5.attention.self.query.weight]
Loading weights:  47%|####6     | 93/199 [00:00<00:00, 2624.56it/s, Materializing 
param=encoder.layer.5.attention.self.query.weight]
Loading weights:  47%|####7     | 94/199 [00:00<00:00, 2648.54it/s, Materializing 
param=encoder.layer.5.attention.self.value.bias]  
Loading weights:  47%|####7     | 94/199 [00:00<00:00, 2646.36it/s, Materializing 
param=encoder.layer.5.attention.self.value.bias]
Loading weights:  48%|####7     | 95/199 [00:00<00:00, 2670.40it/s, Materializing 
param=encoder.layer.5.attention.self.value.weight]
Loading weights:  48%|####7     | 95/199 [00:00<00:00, 2668.20it/s, Materializing 
param=encoder.layer.5.attention.self.value.weight]
Loading weights:  48%|####8     | 96/199 [00:00<00:00, 2692.11it/s, Materializing 
param=encoder.layer.5.intermediate.dense.bias]    
Loading weights:  48%|####8     | 96/199 [00:00<00:00, 2689.95it/s, Materializing 
param=encoder.layer.5.intermediate.dense.bias]
Loading weights:  49%|####8     | 97/199 [00:00<00:00, 2713.80it/s, Materializing 
param=encoder.layer.5.intermediate.dense.weight]
Loading weights:  49%|####8     | 97/199 [00:00<00:00, 2711.65it/s, Materializing 
param=encoder.layer.5.intermediate.dense.weight]
Loading weights:  49%|####9     | 98/199 [00:00<00:00, 2735.54it/s, Materializing 
param=encoder.layer.5.output.LayerNorm.bias]    
Loading weights:  49%|####9     | 98/199 [00:00<00:00, 2733.34it/s, Materializing 
param=encoder.layer.5.output.LayerNorm.bias]
Loading weights:  50%|####9     | 99/199 [00:00<00:00, 2757.01it/s, Materializing 
param=encoder.layer.5.output.LayerNorm.weight]
Loading weights:  50%|####9     | 99/199 [00:00<00:00, 2754.80it/s, Materializing 
param=encoder.layer.5.output.LayerNorm.weight]
Loading weights:  50%|#####     | 100/199 [00:00<00:00, 2778.48it/s, Materializing 
param=encoder.layer.5.output.dense.bias]     
Loading weights:  50%|#####     | 100/199 [00:00<00:00, 2776.25it/s, Materializing 
param=encoder.layer.5.output.dense.bias]
Loading weights:  51%|#####     | 101/199 [00:00<00:00, 2799.84it/s, Materializing 
param=encoder.layer.5.output.dense.weight]
Loading weights:  51%|#####     | 101/199 [00:00<00:00, 2797.62it/s, Materializing 
param=encoder.layer.5.output.dense.weight]
Loading weights:  51%|#####1    | 102/199 [00:00<00:00, 2821.06it/s, Materializing 
param=encoder.layer.6.attention.output.LayerNorm.bias]
Loading weights:  51%|#####1    | 102/199 [00:00<00:00, 2818.75it/s, Materializing 
param=encoder.layer.6.attention.output.LayerNorm.bias]
Loading weights:  52%|#####1    | 103/199 [00:00<00:00, 2841.88it/s, Materializing 
param=encoder.layer.6.attention.output.LayerNorm.weight]
Loading weights:  52%|#####1    | 103/199 [00:00<00:00, 2839.33it/s, Materializing 
param=encoder.layer.6.attention.output.LayerNorm.weight]
Loading weights:  52%|#####2    | 104/199 [00:00<00:00, 2862.44it/s, Materializing 
param=encoder.layer.6.attention.output.dense.bias]      
Loading weights:  52%|#####2    | 104/199 [00:00<00:00, 2860.23it/s, Materializing 
param=encoder.layer.6.attention.output.dense.bias]
Loading weights:  53%|#####2    | 105/199 [00:00<00:00, 2882.83it/s, Materializing 
param=encoder.layer.6.attention.output.dense.weight]
Loading weights:  53%|#####2    | 105/199 [00:00<00:00, 2880.36it/s, Materializing 
param=encoder.layer.6.attention.output.dense.weight]
Loading weights:  53%|#####3    | 106/199 [00:00<00:00, 2903.26it/s, Materializing 
param=encoder.layer.6.attention.self.key.bias]      
Loading weights:  53%|#####3    | 106/199 [00:00<00:00, 2900.89it/s, Materializing 
param=encoder.layer.6.attention.self.key.bias]
Loading weights:  54%|#####3    | 107/199 [00:00<00:00, 2923.77it/s, Materializing 
param=encoder.layer.6.attention.self.key.weight]
Loading weights:  54%|#####3    | 107/199 [00:00<00:00, 2921.39it/s, Materializing 
param=encoder.layer.6.attention.self.key.weight]
Loading weights:  54%|#####4    | 108/199 [00:00<00:00, 2944.25it/s, Materializing 
param=encoder.layer.6.attention.self.query.bias]
Loading weights:  54%|#####4    | 108/199 [00:00<00:00, 2941.90it/s, Materializing 
param=encoder.layer.6.attention.self.query.bias]
Loading weights:  55%|#####4    | 109/199 [00:00<00:00, 2964.69it/s, Materializing 
param=encoder.layer.6.attention.self.query.weight]
Loading weights:  55%|#####4    | 109/199 [00:00<00:00, 2962.31it/s, Materializing 
param=encoder.layer.6.attention.self.query.weight]
Loading weights:  55%|#####5    | 110/199 [00:00<00:00, 2985.02it/s, Materializing 
param=encoder.layer.6.attention.self.value.bias]  
Loading weights:  55%|#####5    | 110/199 [00:00<00:00, 2982.61it/s, Materializing 
param=encoder.layer.6.attention.self.value.bias]
Loading weights:  56%|#####5    | 111/199 [00:00<00:00, 3005.33it/s, Materializing 
param=encoder.layer.6.attention.self.value.weight]
Loading weights:  56%|#####5    | 111/199 [00:00<00:00, 3003.00it/s, Materializing 
param=encoder.layer.6.attention.self.value.weight]
Loading weights:  56%|#####6    | 112/199 [00:00<00:00, 3025.57it/s, Materializing 
param=encoder.layer.6.intermediate.dense.bias]    
Loading weights:  56%|#####6    | 112/199 [00:00<00:00, 3023.19it/s, Materializing 
param=encoder.layer.6.intermediate.dense.bias]
Loading weights:  57%|#####6    | 113/199 [00:00<00:00, 3043.55it/s, Materializing 
param=encoder.layer.6.intermediate.dense.weight]
Loading weights:  57%|#####6    | 113/199 [00:00<00:00, 3040.87it/s, Materializing 
param=encoder.layer.6.intermediate.dense.weight]
Loading weights:  57%|#####7    | 114/199 [00:00<00:00, 3063.05it/s, Materializing 
param=encoder.layer.6.output.LayerNorm.bias]    
Loading weights:  57%|#####7    | 114/199 [00:00<00:00, 3060.67it/s, Materializing 
param=encoder.layer.6.output.LayerNorm.bias]
Loading weights:  58%|#####7    | 115/199 [00:00<00:00, 3083.32it/s, Materializing 
param=encoder.layer.6.output.LayerNorm.weight]
Loading weights:  58%|#####7    | 115/199 [00:00<00:00, 3080.99it/s, Materializing 
param=encoder.layer.6.output.LayerNorm.weight]
Loading weights:  58%|#####8    | 116/199 [00:00<00:00, 3103.19it/s, Materializing 
param=encoder.layer.6.output.dense.bias]      
Loading weights:  58%|#####8    | 116/199 [00:00<00:00, 3100.62it/s, Materializing 
param=encoder.layer.6.output.dense.bias]
Loading weights:  59%|#####8    | 117/199 [00:00<00:00, 3122.01it/s, Materializing 
param=encoder.layer.6.output.dense.weight]
Loading weights:  59%|#####8    | 117/199 [00:00<00:00, 3119.59it/s, Materializing 
param=encoder.layer.6.output.dense.weight]
Loading weights:  59%|#####9    | 118/199 [00:00<00:00, 3141.54it/s, Materializing 
param=encoder.layer.7.attention.output.LayerNorm.bias]
Loading weights:  59%|#####9    | 118/199 [00:00<00:00, 3131.68it/s, Materializing 
param=encoder.layer.7.attention.output.LayerNorm.bias]
Loading weights:  60%|#####9    | 119/199 [00:00<00:00, 3145.46it/s, Materializing 
param=encoder.layer.7.attention.output.LayerNorm.weight]
Loading weights:  60%|#####9    | 119/199 [00:00<00:00, 3141.54it/s, Materializing 
param=encoder.layer.7.attention.output.LayerNorm.weight]
Loading weights:  60%|######    | 120/199 [00:00<00:00, 3161.99it/s, Materializing 
param=encoder.layer.7.attention.output.dense.bias]      
Loading weights:  60%|######    | 120/199 [00:00<00:00, 3159.51it/s, Materializing 
param=encoder.layer.7.attention.output.dense.bias]
Loading weights:  61%|######    | 121/199 [00:00<00:00, 3181.05it/s, Materializing 
param=encoder.layer.7.attention.output.dense.weight]
Loading weights:  61%|######    | 121/199 [00:00<00:00, 3178.22it/s, Materializing 
param=encoder.layer.7.attention.output.dense.weight]
Loading weights:  61%|######1   | 122/199 [00:00<00:00, 3198.52it/s, Materializing 
param=encoder.layer.7.attention.self.key.bias]      
Loading weights:  61%|######1   | 122/199 [00:00<00:00, 3195.92it/s, Materializing 
param=encoder.layer.7.attention.self.key.bias]
Loading weights:  62%|######1   | 123/199 [00:00<00:00, 3217.27it/s, Materializing 
param=encoder.layer.7.attention.self.key.weight]
Loading weights:  62%|######1   | 123/199 [00:00<00:00, 3214.87it/s, Materializing 
param=encoder.layer.7.attention.self.key.weight]
Loading weights:  62%|######2   | 124/199 [00:00<00:00, 3236.18it/s, Materializing 
param=encoder.layer.7.attention.self.query.bias]
Loading weights:  62%|######2   | 124/199 [00:00<00:00, 3233.61it/s, Materializing 
param=encoder.layer.7.attention.self.query.bias]
Loading weights:  63%|######2   | 125/199 [00:00<00:00, 3254.81it/s, Materializing 
param=encoder.layer.7.attention.self.query.weight]
Loading weights:  63%|######2   | 125/199 [00:00<00:00, 3251.72it/s, Materializing 
param=encoder.layer.7.attention.self.query.weight]
Loading weights:  63%|######3   | 126/199 [00:00<00:00, 3272.72it/s, Materializing 
param=encoder.layer.7.attention.self.value.bias]  
Loading weights:  63%|######3   | 126/199 [00:00<00:00, 3270.15it/s, Materializing 
param=encoder.layer.7.attention.self.value.bias]
Loading weights:  64%|######3   | 127/199 [00:00<00:00, 3291.28it/s, Materializing 
param=encoder.layer.7.attention.self.value.weight]
Loading weights:  64%|######3   | 127/199 [00:00<00:00, 3288.68it/s, Materializing 
param=encoder.layer.7.attention.self.value.weight]
Loading weights:  64%|######4   | 128/199 [00:00<00:00, 3309.83it/s, Materializing 
param=encoder.layer.7.intermediate.dense.bias]    
Loading weights:  64%|######4   | 128/199 [00:00<00:00, 3307.28it/s, Materializing 
param=encoder.layer.7.intermediate.dense.bias]
Loading weights:  65%|######4   | 129/199 [00:00<00:00, 3328.34it/s, Materializing 
param=encoder.layer.7.intermediate.dense.weight]
Loading weights:  65%|######4   | 129/199 [00:00<00:00, 3325.95it/s, Materializing 
param=encoder.layer.7.intermediate.dense.weight]
Loading weights:  65%|######5   | 130/199 [00:00<00:00, 3347.22it/s, Materializing 
param=encoder.layer.7.output.LayerNorm.bias]    
Loading weights:  65%|######5   | 130/199 [00:00<00:00, 3344.70it/s, Materializing 
param=encoder.layer.7.output.LayerNorm.bias]
Loading weights:  66%|######5   | 131/199 [00:00<00:00, 3365.70it/s, Materializing 
param=encoder.layer.7.output.LayerNorm.weight]
Loading weights:  66%|######5   | 131/199 [00:00<00:00, 3363.21it/s, Materializing 
param=encoder.layer.7.output.LayerNorm.weight]
Loading weights:  66%|######6   | 132/199 [00:00<00:00, 3384.38it/s, Materializing 
param=encoder.layer.7.output.dense.bias]      
Loading weights:  66%|######6   | 132/199 [00:00<00:00, 3381.92it/s, Materializing 
param=encoder.layer.7.output.dense.bias]
Loading weights:  67%|######6   | 133/199 [00:00<00:00, 3402.54it/s, Materializing 
param=encoder.layer.7.output.dense.weight]
Loading weights:  67%|######6   | 133/199 [00:00<00:00, 3395.66it/s, Materializing 
param=encoder.layer.7.output.dense.weight]
Loading weights:  67%|######7   | 134/199 [00:00<00:00, 3412.59it/s, Materializing 
param=encoder.layer.8.attention.output.LayerNorm.bias]
Loading weights:  67%|######7   | 134/199 [00:00<00:00, 3409.57it/s, Materializing 
param=encoder.layer.8.attention.output.LayerNorm.bias]
Loading weights:  68%|######7   | 135/199 [00:00<00:00, 3429.33it/s, Materializing 
param=encoder.layer.8.attention.output.LayerNorm.weight]
Loading weights:  68%|######7   | 135/199 [00:00<00:00, 3426.55it/s, Materializing 
param=encoder.layer.8.attention.output.LayerNorm.weight]
Loading weights:  68%|######8   | 136/199 [00:00<00:00, 3446.37it/s, Materializing 
param=encoder.layer.8.attention.output.dense.bias]      
Loading weights:  68%|######8   | 136/199 [00:00<00:00, 3443.62it/s, Materializing 
param=encoder.layer.8.attention.output.dense.bias]
Loading weights:  69%|######8   | 137/199 [00:00<00:00, 3464.11it/s, Materializing 
param=encoder.layer.8.attention.output.dense.weight]
Loading weights:  69%|######8   | 137/199 [00:00<00:00, 3461.56it/s, Materializing 
param=encoder.layer.8.attention.output.dense.weight]
Loading weights:  69%|######9   | 138/199 [00:00<00:00, 3481.61it/s, Materializing 
param=encoder.layer.8.attention.self.key.bias]      
Loading weights:  69%|######9   | 138/199 [00:00<00:00, 3478.16it/s, Materializing 
param=encoder.layer.8.attention.self.key.bias]
Loading weights:  70%|######9   | 139/199 [00:00<00:00, 3498.61it/s, Materializing 
param=encoder.layer.8.attention.self.key.weight]
Loading weights:  70%|######9   | 139/199 [00:00<00:00, 3496.09it/s, Materializing 
param=encoder.layer.8.attention.self.key.weight]
Loading weights:  70%|#######   | 140/199 [00:00<00:00, 3516.67it/s, Materializing 
param=encoder.layer.8.attention.self.query.bias]
Loading weights:  70%|#######   | 140/199 [00:00<00:00, 3514.25it/s, Materializing 
param=encoder.layer.8.attention.self.query.bias]
Loading weights:  71%|#######   | 141/199 [00:00<00:00, 3534.44it/s, Materializing 
param=encoder.layer.8.attention.self.query.weight]
Loading weights:  71%|#######   | 141/199 [00:00<00:00, 3532.12it/s, Materializing 
param=encoder.layer.8.attention.self.query.weight]
Loading weights:  71%|#######1  | 142/199 [00:00<00:00, 3552.67it/s, Materializing 
param=encoder.layer.8.attention.self.value.bias]  
Loading weights:  71%|#######1  | 142/199 [00:00<00:00, 3550.24it/s, Materializing 
param=encoder.layer.8.attention.self.value.bias]
Loading weights:  72%|#######1  | 143/199 [00:00<00:00, 3570.75it/s, Materializing 
param=encoder.layer.8.attention.self.value.weight]
Loading weights:  72%|#######1  | 143/199 [00:00<00:00, 3568.35it/s, Materializing 
param=encoder.layer.8.attention.self.value.weight]
Loading weights:  72%|#######2  | 144/199 [00:00<00:00, 3588.56it/s, Materializing 
param=encoder.layer.8.intermediate.dense.bias]    
Loading weights:  72%|#######2  | 144/199 [00:00<00:00, 3586.19it/s, Materializing 
param=encoder.layer.8.intermediate.dense.bias]
Loading weights:  73%|#######2  | 145/199 [00:00<00:00, 3606.62it/s, Materializing 
param=encoder.layer.8.intermediate.dense.weight]
Loading weights:  73%|#######2  | 145/199 [00:00<00:00, 3604.14it/s, Materializing 
param=encoder.layer.8.intermediate.dense.weight]
Loading weights:  73%|#######3  | 146/199 [00:00<00:00, 3624.28it/s, Materializing 
param=encoder.layer.8.output.LayerNorm.bias]    
Loading weights:  73%|#######3  | 146/199 [00:00<00:00, 3621.70it/s, Materializing 
param=encoder.layer.8.output.LayerNorm.bias]
Loading weights:  74%|#######3  | 147/199 [00:00<00:00, 3641.64it/s, Materializing 
param=encoder.layer.8.output.LayerNorm.weight]
Loading weights:  74%|#######3  | 147/199 [00:00<00:00, 3639.15it/s, Materializing 
param=encoder.layer.8.output.LayerNorm.weight]
Loading weights:  74%|#######4  | 148/199 [00:00<00:00, 3658.59it/s, Materializing 
param=encoder.layer.8.output.dense.bias]      
Loading weights:  74%|#######4  | 148/199 [00:00<00:00, 3655.81it/s, Materializing 
param=encoder.layer.8.output.dense.bias]
Loading weights:  75%|#######4  | 149/199 [00:00<00:00, 3675.77it/s, Materializing 
param=encoder.layer.8.output.dense.weight]
Loading weights:  75%|#######4  | 149/199 [00:00<00:00, 3673.20it/s, Materializing 
param=encoder.layer.8.output.dense.weight]
Loading weights:  75%|#######5  | 150/199 [00:00<00:00, 3693.01it/s, Materializing 
param=encoder.layer.9.attention.output.LayerNorm.bias]
Loading weights:  75%|#######5  | 150/199 [00:00<00:00, 3690.28it/s, Materializing 
param=encoder.layer.9.attention.output.LayerNorm.bias]
Loading weights:  76%|#######5  | 151/199 [00:00<00:00, 3709.82it/s, Materializing 
param=encoder.layer.9.attention.output.LayerNorm.weight]
Loading weights:  76%|#######5  | 151/199 [00:00<00:00, 3707.32it/s, Materializing 
param=encoder.layer.9.attention.output.LayerNorm.weight]
Loading weights:  76%|#######6  | 152/199 [00:00<00:00, 3727.25it/s, Materializing 
param=encoder.layer.9.attention.output.dense.bias]      
Loading weights:  76%|#######6  | 152/199 [00:00<00:00, 3724.70it/s, Materializing 
param=encoder.layer.9.attention.output.dense.bias]
Loading weights:  77%|#######6  | 153/199 [00:00<00:00, 3744.89it/s, Materializing 
param=encoder.layer.9.attention.output.dense.weight]
Loading weights:  77%|#######6  | 153/199 [00:00<00:00, 3742.58it/s, Materializing 
param=encoder.layer.9.attention.output.dense.weight]
Loading weights:  77%|#######7  | 154/199 [00:00<00:00, 3762.69it/s, Materializing 
param=encoder.layer.9.attention.self.key.bias]      
Loading weights:  77%|#######7  | 154/199 [00:00<00:00, 3760.46it/s, Materializing 
param=encoder.layer.9.attention.self.key.bias]
Loading weights:  78%|#######7  | 155/199 [00:00<00:00, 3780.45it/s, Materializing 
param=encoder.layer.9.attention.self.key.weight]
Loading weights:  78%|#######7  | 155/199 [00:00<00:00, 3778.19it/s, Materializing 
param=encoder.layer.9.attention.self.key.weight]
Loading weights:  78%|#######8  | 156/199 [00:00<00:00, 3798.24it/s, Materializing 
param=encoder.layer.9.attention.self.query.bias]
Loading weights:  78%|#######8  | 156/199 [00:00<00:00, 3796.01it/s, Materializing 
param=encoder.layer.9.attention.self.query.bias]
Loading weights:  79%|#######8  | 157/199 [00:00<00:00, 3816.05it/s, Materializing 
param=encoder.layer.9.attention.self.query.weight]
Loading weights:  79%|#######8  | 157/199 [00:00<00:00, 3813.67it/s, Materializing 
param=encoder.layer.9.attention.self.query.weight]
Loading weights:  79%|#######9  | 158/199 [00:00<00:00, 3833.49it/s, Materializing 
param=encoder.layer.9.attention.self.value.bias]  
Loading weights:  79%|#######9  | 158/199 [00:00<00:00, 3831.15it/s, Materializing 
param=encoder.layer.9.attention.self.value.bias]
Loading weights:  80%|#######9  | 159/199 [00:00<00:00, 3850.90it/s, Materializing 
param=encoder.layer.9.attention.self.value.weight]
Loading weights:  80%|#######9  | 159/199 [00:00<00:00, 3848.47it/s, Materializing 
param=encoder.layer.9.attention.self.value.weight]
Loading weights:  80%|########  | 160/199 [00:00<00:00, 3868.39it/s, Materializing 
param=encoder.layer.9.intermediate.dense.bias]    
Loading weights:  80%|########  | 160/199 [00:00<00:00, 3865.94it/s, Materializing 
param=encoder.layer.9.intermediate.dense.bias]
Loading weights:  81%|########  | 161/199 [00:00<00:00, 3885.27it/s, Materializing 
param=encoder.layer.9.intermediate.dense.weight]
Loading weights:  81%|########  | 161/199 [00:00<00:00, 3882.70it/s, Materializing 
param=encoder.layer.9.intermediate.dense.weight]
Loading weights:  81%|########1 | 162/199 [00:00<00:00, 3902.17it/s, Materializing 
param=encoder.layer.9.output.LayerNorm.bias]    
Loading weights:  81%|########1 | 162/199 [00:00<00:00, 3899.84it/s, Materializing 
param=encoder.layer.9.output.LayerNorm.bias]
Loading weights:  82%|########1 | 163/199 [00:00<00:00, 3919.53it/s, Materializing 
param=encoder.layer.9.output.LayerNorm.weight]
Loading weights:  82%|########1 | 163/199 [00:00<00:00, 3917.28it/s, Materializing 
param=encoder.layer.9.output.LayerNorm.weight]
Loading weights:  82%|########2 | 164/199 [00:00<00:00, 3937.05it/s, Materializing 
param=encoder.layer.9.output.dense.bias]      
Loading weights:  82%|########2 | 164/199 [00:00<00:00, 3934.78it/s, Materializing 
param=encoder.layer.9.output.dense.bias]
Loading weights:  83%|########2 | 165/199 [00:00<00:00, 3954.29it/s, Materializing 
param=encoder.layer.9.output.dense.weight]
Loading weights:  83%|########2 | 165/199 [00:00<00:00, 3952.08it/s, Materializing 
param=encoder.layer.9.output.dense.weight]
Loading weights:  83%|########3 | 166/199 [00:00<00:00, 3951.75it/s, Materializing 
param=encoder.layer.10.attention.output.LayerNorm.bias]
Loading weights:  83%|########3 | 166/199 [00:00<00:00, 3946.48it/s, Materializing 
param=encoder.layer.10.attention.output.LayerNorm.bias]
Loading weights:  84%|########3 | 167/199 [00:00<00:00, 3963.14it/s, Materializing 
param=encoder.layer.10.attention.output.LayerNorm.weight]
Loading weights:  84%|########3 | 167/199 [00:00<00:00, 3959.93it/s, Materializing 
param=encoder.layer.10.attention.output.LayerNorm.weight]
Loading weights:  84%|########4 | 168/199 [00:00<00:00, 3977.26it/s, Materializing 
param=encoder.layer.10.attention.output.dense.bias]      
Loading weights:  84%|########4 | 168/199 [00:00<00:00, 3974.52it/s, Materializing 
param=encoder.layer.10.attention.output.dense.bias]
Loading weights:  85%|########4 | 169/199 [00:00<00:00, 3992.71it/s, Materializing 
param=encoder.layer.10.attention.output.dense.weight]
Loading weights:  85%|########4 | 169/199 [00:00<00:00, 3989.97it/s, Materializing 
param=encoder.layer.10.attention.output.dense.weight]
Loading weights:  85%|########5 | 170/199 [00:00<00:00, 4008.43it/s, Materializing 
param=encoder.layer.10.attention.self.key.bias]      
Loading weights:  85%|########5 | 170/199 [00:00<00:00, 4005.73it/s, Materializing 
param=encoder.layer.10.attention.self.key.bias]
Loading weights:  86%|########5 | 171/199 [00:00<00:00, 4023.82it/s, Materializing 
param=encoder.layer.10.attention.self.key.weight]
Loading weights:  86%|########5 | 171/199 [00:00<00:00, 4020.98it/s, Materializing 
param=encoder.layer.10.attention.self.key.weight]
Loading weights:  86%|########6 | 172/199 [00:00<00:00, 4039.06it/s, Materializing 
param=encoder.layer.10.attention.self.query.bias]
Loading weights:  86%|########6 | 172/199 [00:00<00:00, 4036.26it/s, Materializing 
param=encoder.layer.10.attention.self.query.bias]
Loading weights:  87%|########6 | 173/199 [00:00<00:00, 4054.44it/s, Materializing 
param=encoder.layer.10.attention.self.query.weight]
Loading weights:  87%|########6 | 173/199 [00:00<00:00, 4051.59it/s, Materializing 
param=encoder.layer.10.attention.self.query.weight]
Loading weights:  87%|########7 | 174/199 [00:00<00:00, 4069.62it/s, Materializing 
param=encoder.layer.10.attention.self.value.bias]  
Loading weights:  87%|########7 | 174/199 [00:00<00:00, 4066.49it/s, Materializing 
param=encoder.layer.10.attention.self.value.bias]
Loading weights:  88%|########7 | 175/199 [00:00<00:00, 4084.67it/s, Materializing 
param=encoder.layer.10.attention.self.value.weight]
Loading weights:  88%|########7 | 175/199 [00:00<00:00, 4082.04it/s, Materializing 
param=encoder.layer.10.attention.self.value.weight]
Loading weights:  88%|########8 | 176/199 [00:00<00:00, 4100.23it/s, Materializing 
param=encoder.layer.10.intermediate.dense.bias]    
Loading weights:  88%|########8 | 176/199 [00:00<00:00, 4097.61it/s, Materializing 
param=encoder.layer.10.intermediate.dense.bias]
Loading weights:  89%|########8 | 177/199 [00:00<00:00, 4115.78it/s, Materializing 
param=encoder.layer.10.intermediate.dense.weight]
Loading weights:  89%|########8 | 177/199 [00:00<00:00, 4113.16it/s, Materializing 
param=encoder.layer.10.intermediate.dense.weight]
Loading weights:  89%|########9 | 178/199 [00:00<00:00, 4131.40it/s, Materializing 
param=encoder.layer.10.output.LayerNorm.bias]    
Loading weights:  89%|########9 | 178/199 [00:00<00:00, 4128.75it/s, Materializing 
param=encoder.layer.10.output.LayerNorm.bias]
Loading weights:  90%|########9 | 179/199 [00:00<00:00, 4146.77it/s, Materializing 
param=encoder.layer.10.output.LayerNorm.weight]
Loading weights:  90%|########9 | 179/199 [00:00<00:00, 4144.13it/s, Materializing 
param=encoder.layer.10.output.LayerNorm.weight]
Loading weights:  90%|######### | 180/199 [00:00<00:00, 4162.30it/s, Materializing 
param=encoder.layer.10.output.dense.bias]      
Loading weights:  90%|######### | 180/199 [00:00<00:00, 4159.64it/s, Materializing 
param=encoder.layer.10.output.dense.bias]
Loading weights:  91%|######### | 181/199 [00:00<00:00, 4177.64it/s, Materializing 
param=encoder.layer.10.output.dense.weight]
Loading weights:  91%|######### | 181/199 [00:00<00:00, 4175.04it/s, Materializing 
param=encoder.layer.10.output.dense.weight]
Loading weights:  91%|#########1| 182/199 [00:00<00:00, 4184.37it/s, Materializing 
param=encoder.layer.11.attention.output.LayerNorm.bias]
Loading weights:  91%|#########1| 182/199 [00:00<00:00, 4178.78it/s, Materializing 
param=encoder.layer.11.attention.output.LayerNorm.bias]
Loading weights:  92%|#########1| 183/199 [00:00<00:00, 4193.94it/s, Materializing 
param=encoder.layer.11.attention.output.LayerNorm.weight]
Loading weights:  92%|#########1| 183/199 [00:00<00:00, 4190.73it/s, Materializing 
param=encoder.layer.11.attention.output.LayerNorm.weight]
Loading weights:  92%|#########2| 184/199 [00:00<00:00, 4207.22it/s, Materializing 
param=encoder.layer.11.attention.output.dense.bias]      
Loading weights:  92%|#########2| 184/199 [00:00<00:00, 4203.95it/s, Materializing 
param=encoder.layer.11.attention.output.dense.bias]
Loading weights:  93%|#########2| 185/199 [00:00<00:00, 4220.68it/s, Materializing 
param=encoder.layer.11.attention.output.dense.weight]
Loading weights:  93%|#########2| 185/199 [00:00<00:00, 4217.74it/s, Materializing 
param=encoder.layer.11.attention.output.dense.weight]
Loading weights:  93%|#########3| 186/199 [00:00<00:00, 4235.24it/s, Materializing 
param=encoder.layer.11.attention.self.key.bias]      
Loading weights:  93%|#########3| 186/199 [00:00<00:00, 4232.53it/s, Materializing 
param=encoder.layer.11.attention.self.key.bias]
Loading weights:  94%|#########3| 187/199 [00:00<00:00, 4249.64it/s, Materializing 
param=encoder.layer.11.attention.self.key.weight]
Loading weights:  94%|#########3| 187/199 [00:00<00:00, 4246.88it/s, Materializing 
param=encoder.layer.11.attention.self.key.weight]
Loading weights:  94%|#########4| 188/199 [00:00<00:00, 4264.39it/s, Materializing 
param=encoder.layer.11.attention.self.query.bias]
Loading weights:  94%|#########4| 188/199 [00:00<00:00, 4261.72it/s, Materializing 
param=encoder.layer.11.attention.self.query.bias]
Loading weights:  95%|#########4| 189/199 [00:00<00:00, 4279.14it/s, Materializing 
param=encoder.layer.11.attention.self.query.weight]
Loading weights:  95%|#########4| 189/199 [00:00<00:00, 4276.35it/s, Materializing 
param=encoder.layer.11.attention.self.query.weight]
Loading weights:  95%|#########5| 190/199 [00:00<00:00, 4293.30it/s, Materializing 
param=encoder.layer.11.attention.self.value.bias]  
Loading weights:  95%|#########5| 190/199 [00:00<00:00, 4290.16it/s, Materializing 
param=encoder.layer.11.attention.self.value.bias]
Loading weights:  96%|#########5| 191/199 [00:00<00:00, 4306.45it/s, Materializing 
param=encoder.layer.11.attention.self.value.weight]
Loading weights:  96%|#########5| 191/199 [00:00<00:00, 4303.24it/s, Materializing 
param=encoder.layer.11.attention.self.value.weight]
Loading weights:  96%|#########6| 192/199 [00:00<00:00, 4319.76it/s, Materializing 
param=encoder.layer.11.intermediate.dense.bias]    
Loading weights:  96%|#########6| 192/199 [00:00<00:00, 4316.65it/s, Materializing 
param=encoder.layer.11.intermediate.dense.bias]
Loading weights:  97%|#########6| 193/199 [00:00<00:00, 4333.28it/s, Materializing 
param=encoder.layer.11.intermediate.dense.weight]
Loading weights:  97%|#########6| 193/199 [00:00<00:00, 4330.29it/s, Materializing 
param=encoder.layer.11.intermediate.dense.weight]
Loading weights:  97%|#########7| 194/199 [00:00<00:00, 4347.10it/s, Materializing 
param=encoder.layer.11.output.LayerNorm.bias]    
Loading weights:  97%|#########7| 194/199 [00:00<00:00, 4344.04it/s, Materializing 
param=encoder.layer.11.output.LayerNorm.bias]
Loading weights:  98%|#########7| 195/199 [00:00<00:00, 4360.52it/s, Materializing 
param=encoder.layer.11.output.LayerNorm.weight]
Loading weights:  98%|#########7| 195/199 [00:00<00:00, 4357.43it/s, Materializing 
param=encoder.layer.11.output.LayerNorm.weight]
Loading weights:  98%|#########8| 196/199 [00:00<00:00, 4373.93it/s, Materializing 
param=encoder.layer.11.output.dense.bias]      
Loading weights:  98%|#########8| 196/199 [00:00<00:00, 4370.90it/s, Materializing 
param=encoder.layer.11.output.dense.bias]
Loading weights:  99%|#########8| 197/199 [00:00<00:00, 4387.37it/s, Materializing 
param=encoder.layer.11.output.dense.weight]
Loading weights:  99%|#########8| 197/199 [00:00<00:00, 4384.44it/s, Materializing 
param=encoder.layer.11.output.dense.weight]
Loading weights:  99%|#########9| 198/199 [00:00<00:00, 4401.32it/s, Materializing param=pooler.dense.bias]     
              
Loading weights:  99%|#########9| 198/199 [00:00<00:00, 4398.57it/s, Materializing param=pooler.dense.bias]
Loading weights: 100%|##########| 199/199 [00:00<00:00, 4415.69it/s, Materializing param=pooler.dense.weight]
Loading weights: 100%|##########| 199/199 [00:00<00:00, 4412.82it/s, Materializing param=pooler.dense.weight]
Loading weights: 100%|##########| 199/199 [00:00<00:00, 4400.65it/s, Materializing param=pooler.dense.weight]
BertModel LOAD REPORT from: sentence-transformers/paraphrase-multilingual-MiniLM-L12-v2
Key                     | Status     |  | 
------------------------+------------+--+-
embeddings.position_ids | UNEXPECTED |  | 

Notes:
- UNEXPECTED	:can be ignored when loading from different task/architecture; not ok if you expect identical arch.
Using cache found in C:\Users\Pranshul Soni/.cache\torch\hub\snakers4_silero-vad_master
Testing audio: C:\Users\Pranshul Soni\Documents\Projects\pet-pooja\audio\Recording (6).m4a
Menu items loaded: 187
Processing audio through full pipeline...

Transcript: Niche paan ki dhukaan oppar randi ka makaan. Randi lehne ko tayyar bhaiya dene ko tayyya. Bhaiya boss dhi ka. Now give me one butter naan and one mutton biryani and one cold drink and three raita if you have and also suggest me something.
Language: en
Normalized: niche paan ki dhukaan oppar randi ka makaan randi lehne ko tayyar dene ko tayyya dhi ka now give me 1 butter naan and 1 mutton biryani and 1 cold drink and 3 raita if you have and also suggest me something
Intent: ORDER
Items found: 8
  -> Paan Shot x1 Rs.70.0 (conf:1.0, spice:None)
  -> Rabri x1 Rs.100.0 (conf:0.844, spice:None)
  -> Butter (Extra) x1 Rs.20.0 (conf:0.841, spice:None)
  -> Curd (Bowl) x1 Rs.40.0 (conf:0.795, spice:None)
  -> Butter Naan x1 Rs.60.0 (conf:1.0, spice:None)
  -> Mutton Biryani x1 Rs.400.0 (conf:1.0, spice:None)
  -> Cold Drink x1 Rs.60.0 (conf:1.0, spice:None)
  -> Raita x3 Rs.180.0 (conf:1.0, spice:None)
Subtotal: Rs.930.0
Needs clarification: True
